  Determining projects to restore...
  All projects are up-to-date for restore.
D:\Project\net_core\webAPI\MarkdownGenQAs\obj\Debug\net9.0\.NETCoreApp,Version=v9.0.AssemblyAttributes.cs(4,12): error CS0579: Duplicate 'global::System.Runtime.Versioning.TargetFrameworkAttribute' attribute [D:\Project\net_core\webAPI\MarkdownGenQAs\MarkdownGenQAs.csproj]
D:\Project\net_core\webAPI\MarkdownGenQAs\obj\Debug\net9.0\MarkdownGenQAs.AssemblyInfo.cs(13,12): error CS0579: Duplicate 'System.Reflection.AssemblyCompanyAttribute' attribute [D:\Project\net_core\webAPI\MarkdownGenQAs\MarkdownGenQAs.csproj]
D:\Project\net_core\webAPI\MarkdownGenQAs\obj\Debug\net9.0\MarkdownGenQAs.AssemblyInfo.cs(14,12): error CS0579: Duplicate 'System.Reflection.AssemblyConfigurationAttribute' attribute [D:\Project\net_core\webAPI\MarkdownGenQAs\MarkdownGenQAs.csproj]
D:\Project\net_core\webAPI\MarkdownGenQAs\obj\Debug\net9.0\MarkdownGenQAs.AssemblyInfo.cs(15,12): error CS0579: Duplicate 'System.Reflection.AssemblyFileVersionAttribute' attribute [D:\Project\net_core\webAPI\MarkdownGenQAs\MarkdownGenQAs.csproj]
D:\Project\net_core\webAPI\MarkdownGenQAs\obj\Debug\net9.0\MarkdownGenQAs.AssemblyInfo.cs(16,12): error CS0579: Duplicate 'System.Reflection.AssemblyInformationalVersionAttribute' attribute [D:\Project\net_core\webAPI\MarkdownGenQAs\MarkdownGenQAs.csproj]
D:\Project\net_core\webAPI\MarkdownGenQAs\obj\Debug\net9.0\MarkdownGenQAs.AssemblyInfo.cs(17,12): error CS0579: Duplicate 'System.Reflection.AssemblyProductAttribute' attribute [D:\Project\net_core\webAPI\MarkdownGenQAs\MarkdownGenQAs.csproj]
D:\Project\net_core\webAPI\MarkdownGenQAs\obj\Debug\net9.0\MarkdownGenQAs.AssemblyInfo.cs(18,12): error CS0579: Duplicate 'System.Reflection.AssemblyTitleAttribute' attribute [D:\Project\net_core\webAPI\MarkdownGenQAs\MarkdownGenQAs.csproj]
D:\Project\net_core\webAPI\MarkdownGenQAs\obj\Debug\net9.0\MarkdownGenQAs.AssemblyInfo.cs(19,12): error CS0579: Duplicate 'System.Reflection.AssemblyVersionAttribute' attribute [D:\Project\net_core\webAPI\MarkdownGenQAs\MarkdownGenQAs.csproj]
D:\Project\net_core\webAPI\MarkdownGenQAs\MarkdownGenQAs.Tests\Controllers\CategoryFileControllerTests.cs(1,7): error CS0246: The type or namespace name 'FluentAssertions' could not be found (are you missing a using directive or an assembly reference?) [D:\Project\net_core\webAPI\MarkdownGenQAs\MarkdownGenQAs.csproj]
D:\Project\net_core\webAPI\MarkdownGenQAs\MarkdownGenQAs.Tests\Controllers\CategoryFileControllerTests.cs(3,22): error CS0234: The type or namespace name 'Interfaces' does not exist in the namespace 'MarkdownGenQAs' (are you missing an assembly reference?) [D:\Project\net_core\webAPI\MarkdownGenQAs\MarkdownGenQAs.csproj]
D:\Project\net_core\webAPI\MarkdownGenQAs\MarkdownGenQAs.Tests\Controllers\CategoryFileControllerTests.cs(4,29): error CS0234: The type or namespace name 'DB' does not exist in the namespace 'MarkdownGenQAs.Models' (are you missing an assembly reference?) [D:\Project\net_core\webAPI\MarkdownGenQAs\MarkdownGenQAs.csproj]
D:\Project\net_core\webAPI\MarkdownGenQAs\MarkdownGenQAs.Tests\Controllers\CategoryFileControllerTests.cs(8,7): error CS0246: The type or namespace name 'Moq' could not be found (are you missing a using directive or an assembly reference?) [D:\Project\net_core\webAPI\MarkdownGenQAs\MarkdownGenQAs.csproj]
D:\Project\net_core\webAPI\MarkdownGenQAs\MarkdownGenQAs.Tests\Controllers\CategoryFileControllerTests.cs(9,7): error CS0246: The type or namespace name 'Xunit' could not be found (are you missing a using directive or an assembly reference?) [D:\Project\net_core\webAPI\MarkdownGenQAs\MarkdownGenQAs.csproj]
D:\Project\net_core\webAPI\MarkdownGenQAs\MarkdownGenQAs.Tests\obj\Debug\net9.0\MarkdownGenQAs.Tests.GlobalUsings.g.cs(9,22): error CS0400: The type or namespace name 'Xunit' could not be found in the global namespace (are you missing an assembly reference?) [D:\Project\net_core\webAPI\MarkdownGenQAs\MarkdownGenQAs.csproj]
D:\Project\net_core\webAPI\MarkdownGenQAs\MarkdownGenQAs.Tests\Controllers\CategoryFileControllerTests.cs(15,22): error CS0246: The type or namespace name 'Mock<>' could not be found (are you missing a using directive or an assembly reference?) [D:\Project\net_core\webAPI\MarkdownGenQAs\MarkdownGenQAs.csproj]
D:\Project\net_core\webAPI\MarkdownGenQAs\MarkdownGenQAs.Tests\Controllers\CategoryFileControllerTests.cs(16,22): error CS0246: The type or namespace name 'Mock<>' could not be found (are you missing a using directive or an assembly reference?) [D:\Project\net_core\webAPI\MarkdownGenQAs\MarkdownGenQAs.csproj]
D:\Project\net_core\webAPI\MarkdownGenQAs\MarkdownGenQAs.Tests\Controllers\CategoryFileControllerTests.cs(26,6): error CS0246: The type or namespace name 'FactAttribute' could not be found (are you missing a using directive or an assembly reference?) [D:\Project\net_core\webAPI\MarkdownGenQAs\MarkdownGenQAs.csproj]
D:\Project\net_core\webAPI\MarkdownGenQAs\MarkdownGenQAs.Tests\Controllers\CategoryFileControllerTests.cs(26,6): error CS0246: The type or namespace name 'Fact' could not be found (are you missing a using directive or an assembly reference?) [D:\Project\net_core\webAPI\MarkdownGenQAs\MarkdownGenQAs.csproj]
D:\Project\net_core\webAPI\MarkdownGenQAs\MarkdownGenQAs.Tests\Controllers\CategoryFileControllerTests.cs(47,6): error CS0246: The type or namespace name 'FactAttribute' could not be found (are you missing a using directive or an assembly reference?) [D:\Project\net_core\webAPI\MarkdownGenQAs\MarkdownGenQAs.csproj]
D:\Project\net_core\webAPI\MarkdownGenQAs\MarkdownGenQAs.Tests\Controllers\CategoryFileControllerTests.cs(47,6): error CS0246: The type or namespace name 'Fact' could not be found (are you missing a using directive or an assembly reference?) [D:\Project\net_core\webAPI\MarkdownGenQAs\MarkdownGenQAs.csproj]
D:\Project\net_core\webAPI\MarkdownGenQAs\MarkdownGenQAs.Tests\Controllers\CategoryFileControllerTests.cs(65,6): error CS0246: The type or namespace name 'FactAttribute' could not be found (are you missing a using directive or an assembly reference?) [D:\Project\net_core\webAPI\MarkdownGenQAs\MarkdownGenQAs.csproj]
D:\Project\net_core\webAPI\MarkdownGenQAs\MarkdownGenQAs.Tests\Controllers\CategoryFileControllerTests.cs(65,6): error CS0246: The type or namespace name 'Fact' could not be found (are you missing a using directive or an assembly reference?) [D:\Project\net_core\webAPI\MarkdownGenQAs\MarkdownGenQAs.csproj]
D:\Project\net_core\webAPI\MarkdownGenQAs\MarkdownGenQAs.Tests\UnitTest1.cs(5,6): error CS0246: The type or namespace name 'FactAttribute' could not be found (are you missing a using directive or an assembly reference?) [D:\Project\net_core\webAPI\MarkdownGenQAs\MarkdownGenQAs.csproj]
D:\Project\net_core\webAPI\MarkdownGenQAs\MarkdownGenQAs.Tests\UnitTest1.cs(5,6): error CS0246: The type or namespace name 'Fact' could not be found (are you missing a using directive or an assembly reference?) [D:\Project\net_core\webAPI\MarkdownGenQAs\MarkdownGenQAs.csproj]
D:\Project\net_core\webAPI\MarkdownGenQAs\MarkdownGenQAs.Tests\Controllers\CategoryFileControllerTests.cs(79,6): error CS0246: The type or namespace name 'FactAttribute' could not be found (are you missing a using directive or an assembly reference?) [D:\Project\net_core\webAPI\MarkdownGenQAs\MarkdownGenQAs.csproj]
D:\Project\net_core\webAPI\MarkdownGenQAs\MarkdownGenQAs.Tests\Controllers\CategoryFileControllerTests.cs(79,6): error CS0246: The type or namespace name 'Fact' could not be found (are you missing a using directive or an assembly reference?) [D:\Project\net_core\webAPI\MarkdownGenQAs\MarkdownGenQAs.csproj]

Build FAILED.

D:\Project\net_core\webAPI\MarkdownGenQAs\obj\Debug\net9.0\.NETCoreApp,Version=v9.0.AssemblyAttributes.cs(4,12): error CS0579: Duplicate 'global::System.Runtime.Versioning.TargetFrameworkAttribute' attribute [D:\Project\net_core\webAPI\MarkdownGenQAs\MarkdownGenQAs.csproj]
D:\Project\net_core\webAPI\MarkdownGenQAs\obj\Debug\net9.0\MarkdownGenQAs.AssemblyInfo.cs(13,12): error CS0579: Duplicate 'System.Reflection.AssemblyCompanyAttribute' attribute [D:\Project\net_core\webAPI\MarkdownGenQAs\MarkdownGenQAs.csproj]
D:\Project\net_core\webAPI\MarkdownGenQAs\obj\Debug\net9.0\MarkdownGenQAs.AssemblyInfo.cs(14,12): error CS0579: Duplicate 'System.Reflection.AssemblyConfigurationAttribute' attribute [D:\Project\net_core\webAPI\MarkdownGenQAs\MarkdownGenQAs.csproj]
D:\Project\net_core\webAPI\MarkdownGenQAs\obj\Debug\net9.0\MarkdownGenQAs.AssemblyInfo.cs(15,12): error CS0579: Duplicate 'System.Reflection.AssemblyFileVersionAttribute' attribute [D:\Project\net_core\webAPI\MarkdownGenQAs\MarkdownGenQAs.csproj]
D:\Project\net_core\webAPI\MarkdownGenQAs\obj\Debug\net9.0\MarkdownGenQAs.AssemblyInfo.cs(16,12): error CS0579: Duplicate 'System.Reflection.AssemblyInformationalVersionAttribute' attribute [D:\Project\net_core\webAPI\MarkdownGenQAs\MarkdownGenQAs.csproj]
D:\Project\net_core\webAPI\MarkdownGenQAs\obj\Debug\net9.0\MarkdownGenQAs.AssemblyInfo.cs(17,12): error CS0579: Duplicate 'System.Reflection.AssemblyProductAttribute' attribute [D:\Project\net_core\webAPI\MarkdownGenQAs\MarkdownGenQAs.csproj]
D:\Project\net_core\webAPI\MarkdownGenQAs\obj\Debug\net9.0\MarkdownGenQAs.AssemblyInfo.cs(18,12): error CS0579: Duplicate 'System.Reflection.AssemblyTitleAttribute' attribute [D:\Project\net_core\webAPI\MarkdownGenQAs\MarkdownGenQAs.csproj]
D:\Project\net_core\webAPI\MarkdownGenQAs\obj\Debug\net9.0\MarkdownGenQAs.AssemblyInfo.cs(19,12): error CS0579: Duplicate 'System.Reflection.AssemblyVersionAttribute' attribute [D:\Project\net_core\webAPI\MarkdownGenQAs\MarkdownGenQAs.csproj]
D:\Project\net_core\webAPI\MarkdownGenQAs\MarkdownGenQAs.Tests\Controllers\CategoryFileControllerTests.cs(1,7): error CS0246: The type or namespace name 'FluentAssertions' could not be found (are you missing a using directive or an assembly reference?) [D:\Project\net_core\webAPI\MarkdownGenQAs\MarkdownGenQAs.csproj]
D:\Project\net_core\webAPI\MarkdownGenQAs\MarkdownGenQAs.Tests\Controllers\CategoryFileControllerTests.cs(3,22): error CS0234: The type or namespace name 'Interfaces' does not exist in the namespace 'MarkdownGenQAs' (are you missing an assembly reference?) [D:\Project\net_core\webAPI\MarkdownGenQAs\MarkdownGenQAs.csproj]
D:\Project\net_core\webAPI\MarkdownGenQAs\MarkdownGenQAs.Tests\Controllers\CategoryFileControllerTests.cs(4,29): error CS0234: The type or namespace name 'DB' does not exist in the namespace 'MarkdownGenQAs.Models' (are you missing an assembly reference?) [D:\Project\net_core\webAPI\MarkdownGenQAs\MarkdownGenQAs.csproj]
D:\Project\net_core\webAPI\MarkdownGenQAs\MarkdownGenQAs.Tests\Controllers\CategoryFileControllerTests.cs(8,7): error CS0246: The type or namespace name 'Moq' could not be found (are you missing a using directive or an assembly reference?) [D:\Project\net_core\webAPI\MarkdownGenQAs\MarkdownGenQAs.csproj]
D:\Project\net_core\webAPI\MarkdownGenQAs\MarkdownGenQAs.Tests\Controllers\CategoryFileControllerTests.cs(9,7): error CS0246: The type or namespace name 'Xunit' could not be found (are you missing a using directive or an assembly reference?) [D:\Project\net_core\webAPI\MarkdownGenQAs\MarkdownGenQAs.csproj]
D:\Project\net_core\webAPI\MarkdownGenQAs\MarkdownGenQAs.Tests\obj\Debug\net9.0\MarkdownGenQAs.Tests.GlobalUsings.g.cs(9,22): error CS0400: The type or namespace name 'Xunit' could not be found in the global namespace (are you missing an assembly reference?) [D:\Project\net_core\webAPI\MarkdownGenQAs\MarkdownGenQAs.csproj]
D:\Project\net_core\webAPI\MarkdownGenQAs\MarkdownGenQAs.Tests\Controllers\CategoryFileControllerTests.cs(15,22): error CS0246: The type or namespace name 'Mock<>' could not be found (are you missing a using directive or an assembly reference?) [D:\Project\net_core\webAPI\MarkdownGenQAs\MarkdownGenQAs.csproj]
D:\Project\net_core\webAPI\MarkdownGenQAs\MarkdownGenQAs.Tests\Controllers\CategoryFileControllerTests.cs(16,22): error CS0246: The type or namespace name 'Mock<>' could not be found (are you missing a using directive or an assembly reference?) [D:\Project\net_core\webAPI\MarkdownGenQAs\MarkdownGenQAs.csproj]
D:\Project\net_core\webAPI\MarkdownGenQAs\MarkdownGenQAs.Tests\Controllers\CategoryFileControllerTests.cs(26,6): error CS0246: The type or namespace name 'FactAttribute' could not be found (are you missing a using directive or an assembly reference?) [D:\Project\net_core\webAPI\MarkdownGenQAs\MarkdownGenQAs.csproj]
D:\Project\net_core\webAPI\MarkdownGenQAs\MarkdownGenQAs.Tests\Controllers\CategoryFileControllerTests.cs(26,6): error CS0246: The type or namespace name 'Fact' could not be found (are you missing a using directive or an assembly reference?) [D:\Project\net_core\webAPI\MarkdownGenQAs\MarkdownGenQAs.csproj]
D:\Project\net_core\webAPI\MarkdownGenQAs\MarkdownGenQAs.Tests\Controllers\CategoryFileControllerTests.cs(47,6): error CS0246: The type or namespace name 'FactAttribute' could not be found (are you missing a using directive or an assembly reference?) [D:\Project\net_core\webAPI\MarkdownGenQAs\MarkdownGenQAs.csproj]
D:\Project\net_core\webAPI\MarkdownGenQAs\MarkdownGenQAs.Tests\Controllers\CategoryFileControllerTests.cs(47,6): error CS0246: The type or namespace name 'Fact' could not be found (are you missing a using directive or an assembly reference?) [D:\Project\net_core\webAPI\MarkdownGenQAs\MarkdownGenQAs.csproj]
D:\Project\net_core\webAPI\MarkdownGenQAs\MarkdownGenQAs.Tests\Controllers\CategoryFileControllerTests.cs(65,6): error CS0246: The type or namespace name 'FactAttribute' could not be found (are you missing a using directive or an assembly reference?) [D:\Project\net_core\webAPI\MarkdownGenQAs\MarkdownGenQAs.csproj]
D:\Project\net_core\webAPI\MarkdownGenQAs\MarkdownGenQAs.Tests\Controllers\CategoryFileControllerTests.cs(65,6): error CS0246: The type or namespace name 'Fact' could not be found (are you missing a using directive or an assembly reference?) [D:\Project\net_core\webAPI\MarkdownGenQAs\MarkdownGenQAs.csproj]
D:\Project\net_core\webAPI\MarkdownGenQAs\MarkdownGenQAs.Tests\UnitTest1.cs(5,6): error CS0246: The type or namespace name 'FactAttribute' could not be found (are you missing a using directive or an assembly reference?) [D:\Project\net_core\webAPI\MarkdownGenQAs\MarkdownGenQAs.csproj]
D:\Project\net_core\webAPI\MarkdownGenQAs\MarkdownGenQAs.Tests\UnitTest1.cs(5,6): error CS0246: The type or namespace name 'Fact' could not be found (are you missing a using directive or an assembly reference?) [D:\Project\net_core\webAPI\MarkdownGenQAs\MarkdownGenQAs.csproj]
D:\Project\net_core\webAPI\MarkdownGenQAs\MarkdownGenQAs.Tests\Controllers\CategoryFileControllerTests.cs(79,6): error CS0246: The type or namespace name 'FactAttribute' could not be found (are you missing a using directive or an assembly reference?) [D:\Project\net_core\webAPI\MarkdownGenQAs\MarkdownGenQAs.csproj]
D:\Project\net_core\webAPI\MarkdownGenQAs\MarkdownGenQAs.Tests\Controllers\CategoryFileControllerTests.cs(79,6): error CS0246: The type or namespace name 'Fact' could not be found (are you missing a using directive or an assembly reference?) [D:\Project\net_core\webAPI\MarkdownGenQAs\MarkdownGenQAs.csproj]
    0 Warning(s)
    26 Error(s)

Time Elapsed 00:00:02.45

Workload updates are available. Run `dotnet workload list` for more information.
